DONE /scratch/spath004/ecg_lock_runs/cnn_fused_gated_s0/bundles/cinc2011_v1.npz ebc3c59b11c8
DONE /scratch/spath004/ecg_lock_runs/cnn_fused_gated_s1/bundles/cinc2011_v1.npz aabc5e2d4213
DONE /scratch/spath004/ecg_lock_runs/cnn_fused_gated_s2/bundles/cinc2011_v1.npz 693ad2c1d407
DONE /scratch/spath004/ecg_lock_runs/cnn_full_leadwise_cleanfrac20_s0/bundles/cinc2011_v1.npz 8551e8c2c379
DONE /scratch/spath004/ecg_lock_runs/cnn_full_leadwise_cleanfrac20_s1/bundles/cinc2011_v1.npz 632bf0ae466f
DONE /scratch/spath004/ecg_lock_runs/cnn_full_leadwise_cleanfrac20_s2/bundles/cinc2011_v1.npz 021ac1346f7c
DONE /scratch/spath004/ecg_lock_runs/cnn_full_leadwise_s0/bundles/cinc2011_v1.npz 7c57ec2a6e88
DONE /scratch/spath004/ecg_lock_runs/cnn_full_leadwise_s1/bundles/cinc2011_v1.npz f7b81309b8d0
DONE /scratch/spath004/ecg_lock_runs/cnn_full_leadwise_s2/bundles/cinc2011_v1.npz a283e6163ffc
DONE /scratch/spath004/ecg_lock_runs/cnn_full_s0/bundles/cinc2011_v1.npz e69d866e70ca
DONE /scratch/spath004/ecg_lock_runs/cnn_full_s1/bundles/cinc2011_v1.npz 83d2ba7404c5
DONE /scratch/spath004/ecg_lock_runs/cnn_full_s2/bundles/cinc2011_v1.npz 32da7a780d15
DONE /scratch/spath004/ecg_lock_runs/cnn_full_cleanfrac20_s0/bundles/cinc2011_v1.npz 3b58a492eb27
DONE /scratch/spath004/ecg_lock_runs/cnn_full_cleanfrac20_s1/bundles/cinc2011_v1.npz effea916d92c
DONE /scratch/spath004/ecg_lock_runs/cnn_full_cleanfrac20_s2/bundles/cinc2011_v1.npz 4d1b58228ab9
DONE /scratch/spath004/ecg_lock_runs/cnn_diag_lead_s0/bundles/cinc2011_v1.npz 7ff1e8d7ebcd
DONE /scratch/spath004/ecg_lock_runs/cnn_diag_lead_s1/bundles/cinc2011_v1.npz d3e8eaa544b9
DONE /scratch/spath004/ecg_lock_runs/cnn_diag_lead_s2/bundles/cinc2011_v1.npz 63eb8cec76fc
DONE /scratch/spath004/ecg_lock_runs/tx_full_s0/bundles/cinc2011_v1.npz c56b9b5fb742
DONE /scratch/spath004/ecg_lock_runs/tx_full_s1/bundles/cinc2011_v1.npz 266481911291
DONE /scratch/spath004/ecg_lock_runs/tx_full_s2/bundles/cinc2011_v1.npz db62a4d32205
                                               scorer                      aggregation   auroc   ci_lo   ci_hi                  per_seed  n_unacceptable    n     status
0                                       rule_variance                   max over leads  0.5735  0.5238  0.6280                                       225  998  SECONDARY
1                                             rule_hf                   max over leads  0.2213  0.1842  0.2615                                       225  998  SECONDARY
2                                       rule_combined                   max over leads  0.5513  0.4996  0.6021                                       225  998  SECONDARY
3                       cnn_full_leadwise_cleanfrac20   max over leads of (1 - intact)  0.8174  0.7860  0.8479  [0.7699, 0.8144, 0.8681]             225  998  SECONDARY
4   cnn_full_leadwise_cleanfrac20 minus rule_variance                delta AUROC (max)  0.2439  0.1803  0.3024                                       225  998  SECONDARY
5         cnn_full_leadwise_cleanfrac20 minus rule_hf                delta AUROC (max)  0.5962  0.5403  0.6495                                       225  998  SECONDARY
6   cnn_full_leadwise_cleanfrac20 minus rule_combined                delta AUROC (max)  0.2661  0.2067  0.3223                                       225  998  SECONDARY
7                       cnn_full_leadwise_cleanfrac20  mean over leads of (1 - intact)  0.7214  0.6871  0.7560  [0.6745, 0.7465, 0.7432]             225  998  SECONDARY
8                                   cnn_full_leadwise   max over leads of (1 - intact)  0.7699  0.7426  0.7986  [0.8065, 0.8329, 0.6703]             225  998  SECONDARY
9               cnn_full_leadwise minus rule_variance                delta AUROC (max)  0.1963  0.1306  0.2583                                       225  998  SECONDARY
10                    cnn_full_leadwise minus rule_hf                delta AUROC (max)  0.5486  0.4974  0.6023                                       225  998  SECONDARY
11              cnn_full_leadwise minus rule_combined                delta AUROC (max)  0.2186  0.1560  0.2786                                       225  998  SECONDARY
12                                  cnn_full_leadwise  mean over leads of (1 - intact)  0.5127  0.4621  0.5631    [0.4872, 0.5309, 0.52]             225  998  SECONDARY
13                                    cnn_fused_gated   max over leads of (1 - intact)  0.6709  0.6375  0.7003  [0.7304, 0.4701, 0.8121]             225  998  SECONDARY
14                cnn_fused_gated minus rule_variance                delta AUROC (max)  0.0973  0.0319  0.1620                                       225  998  SECONDARY
15                      cnn_fused_gated minus rule_hf                delta AUROC (max)  0.4496  0.3967  0.4991                                       225  998  SECONDARY
16                cnn_fused_gated minus rule_combined                delta AUROC (max)  0.1195  0.0549  0.1802                                       225  998  SECONDARY
17                                    cnn_fused_gated  mean over leads of (1 - intact)  0.5824  0.5421  0.6221  [0.5892, 0.4753, 0.6827]             225  998  SECONDARY
18                                           cnn_full   max over leads of (1 - intact)  0.5881  0.5598  0.6190  [0.8734, 0.4915, 0.3993]             225  998  SECONDARY
19                       cnn_full minus rule_variance                delta AUROC (max)  0.0145 -0.0504  0.0831                                       225  998  SECONDARY
20                             cnn_full minus rule_hf                delta AUROC (max)  0.3668  0.3274  0.4048                                       225  998  SECONDARY
21                       cnn_full minus rule_combined                delta AUROC (max)  0.0367 -0.0247  0.1013                                       225  998  SECONDARY
22                                           cnn_full  mean over leads of (1 - intact)  0.4136  0.3732  0.4586   [0.5054, 0.4174, 0.318]             225  998  SECONDARY
23                               cnn_full_cleanfrac20   max over leads of (1 - intact)  0.3980  0.3510  0.4518  [0.4083, 0.3531, 0.4325]             225  998  SECONDARY
24           cnn_full_cleanfrac20 minus rule_variance                delta AUROC (max) -0.1756 -0.2590 -0.0910                                       225  998  SECONDARY
25                 cnn_full_cleanfrac20 minus rule_hf                delta AUROC (max)  0.1767  0.1258  0.2316                                       225  998  SECONDARY
26           cnn_full_cleanfrac20 minus rule_combined                delta AUROC (max) -0.1534 -0.2315 -0.0736                                       225  998  SECONDARY
27                               cnn_full_cleanfrac20  mean over leads of (1 - intact)  0.3772  0.3295  0.4320   [0.3765, 0.3319, 0.423]             225  998  SECONDARY
28                                      cnn_diag_lead   max over leads of (1 - intact)  0.3217  0.2745  0.3756  [0.2731, 0.3259, 0.3663]             225  998  SECONDARY
29                  cnn_diag_lead minus rule_variance                delta AUROC (max) -0.2518 -0.3273 -0.1757                                       225  998  SECONDARY
30                        cnn_diag_lead minus rule_hf                delta AUROC (max)  0.1005  0.0489  0.1586                                       225  998  SECONDARY
31                  cnn_diag_lead minus rule_combined                delta AUROC (max) -0.2296 -0.3041 -0.1579                                       225  998  SECONDARY
32                                      cnn_diag_lead  mean over leads of (1 - intact)  0.3144  0.2683  0.3678  [0.2423, 0.3336, 0.3673]             225  998  SECONDARY
33                                            tx_full   max over leads of (1 - intact)  0.8545  0.8220  0.8845  [0.8478, 0.8522, 0.8635]             225  998  SECONDARY
34                        tx_full minus rule_variance                delta AUROC (max)  0.2810  0.2204  0.3358                                       225  998  SECONDARY
35                              tx_full minus rule_hf                delta AUROC (max)  0.6332  0.5759  0.6865                                       225  998  SECONDARY
36                        tx_full minus rule_combined                delta AUROC (max)  0.3032  0.2464  0.3582                                       225  998  SECONDARY
37                                            tx_full  mean over leads of (1 - intact)  0.7291  0.6976  0.7593  [0.5411, 0.8241, 0.8222]             225  998  SECONDARY
