/opt/conda/lib/python3.10/site-packages/torch/nn/modules/conv.py:306: UserWarning: Applied workaround for CuDNN issue, install nvrtc.so (Triggered internally at ../aten/src/ATen/native/cudnn/Conv_v8.cpp:80.)
  return F.conv1d(input, weight, bias, self.stride,
{"epoch": 0, "train_loss": 0.3830973902497884, "val_clean_macro_auroc": 0.8776807009532034, "sec": 7.427684783935547}
{"epoch": 1, "train_loss": 0.25216885800734956, "val_clean_macro_auroc": 0.9254784719517485, "sec": 2.7452571392059326}
{"epoch": 2, "train_loss": 0.21326484745584479, "val_clean_macro_auroc": 0.9585899688476343, "sec": 2.7578797340393066}
{"epoch": 3, "train_loss": 0.184479472429575, "val_clean_macro_auroc": 0.9622936008147068, "sec": 2.7157857418060303}
{"epoch": 4, "train_loss": 0.17302948107199254, "val_clean_macro_auroc": 0.9630675046810377, "sec": 2.7276535034179688}
{"epoch": 5, "train_loss": 0.1695474764157262, "val_clean_macro_auroc": 0.9639262262064401, "sec": 2.735788345336914}
{"epoch": 6, "train_loss": 0.1605993017143863, "val_clean_macro_auroc": 0.9665611807554386, "sec": 2.717977523803711}
{"epoch": 7, "train_loss": 0.15548342603618917, "val_clean_macro_auroc": 0.9644006633392251, "sec": 2.7205827236175537}
{"epoch": 8, "train_loss": 0.14275239600299677, "val_clean_macro_auroc": 0.9637297753194982, "sec": 2.7213261127471924}
{"epoch": 9, "train_loss": 0.1476153853955121, "val_clean_macro_auroc": 0.968839562689481, "sec": 2.730959415435791}
{"epoch": 10, "train_loss": 0.1390915804533916, "val_clean_macro_auroc": 0.9673679583984877, "sec": 2.738111972808838}
{"epoch": 11, "train_loss": 0.13067897624590474, "val_clean_macro_auroc": 0.9658672019509359, "sec": 2.7123210430145264}
{"epoch": 12, "train_loss": 0.1275917306474532, "val_clean_macro_auroc": 0.9695705138867841, "sec": 2.739199161529541}
{"epoch": 13, "train_loss": 0.12643859295182155, "val_clean_macro_auroc": 0.9707006845186268, "sec": 2.7201433181762695}
{"epoch": 14, "train_loss": 0.12283205647991836, "val_clean_macro_auroc": 0.9686234720285624, "sec": 2.721848964691162}
{"epoch": 15, "train_loss": 0.11628924034708778, "val_clean_macro_auroc": 0.9711960703809931, "sec": 2.720597505569458}
{"epoch": 16, "train_loss": 0.11371290551571649, "val_clean_macro_auroc": 0.9699286861352482, "sec": 2.735874652862549}
{"epoch": 17, "train_loss": 0.108585731801178, "val_clean_macro_auroc": 0.9723983131931611, "sec": 2.7243828773498535}
{"epoch": 18, "train_loss": 0.10668292697547341, "val_clean_macro_auroc": 0.9713600324598591, "sec": 2.7370035648345947}
{"epoch": 19, "train_loss": 0.10190477212347661, "val_clean_macro_auroc": 0.9727075769711115, "sec": 2.7180376052856445}
{"epoch": 20, "train_loss": 0.1017749070744728, "val_clean_macro_auroc": 0.9729562549166018, "sec": 2.721696376800537}
{"epoch": 21, "train_loss": 0.09212679239008127, "val_clean_macro_auroc": 0.9727136006263958, "sec": 2.735470771789551}
{"epoch": 22, "train_loss": 0.08839339669369689, "val_clean_macro_auroc": 0.9742102905320236, "sec": 2.701446771621704}
{"epoch": 23, "train_loss": 0.08567825521416582, "val_clean_macro_auroc": 0.9737371000090658, "sec": 2.729863166809082}
{"epoch": 24, "train_loss": 0.08580695065209003, "val_clean_macro_auroc": 0.9746077173638514, "sec": 2.7221906185150146}
{"epoch": 25, "train_loss": 0.08031688934194889, "val_clean_macro_auroc": 0.973497182715473, "sec": 2.7118422985076904}
{"epoch": 26, "train_loss": 0.07907484307225912, "val_clean_macro_auroc": 0.9738381986574922, "sec": 2.7152507305145264}
{"epoch": 27, "train_loss": 0.07960029572694427, "val_clean_macro_auroc": 0.9745058298171344, "sec": 2.721383810043335}
{"epoch": 28, "train_loss": 0.07930629177378926, "val_clean_macro_auroc": 0.9740880972970569, "sec": 2.7277863025665283}
{"epoch": 29, "train_loss": 0.07566295685038549, "val_clean_macro_auroc": 0.9742463024605794, "sec": 2.7225863933563232}
BEST 24 0.9746077173638514 e6f5ce3ad188
/opt/conda/lib/python3.10/site-packages/torch/nn/modules/conv.py:306: UserWarning: Applied workaround for CuDNN issue, install nvrtc.so (Triggered internally at ../aten/src/ATen/native/cudnn/Conv_v8.cpp:80.)
  return F.conv1d(input, weight, bias, self.stride,
{
  "checkpoint_sha256": "e6f5ce3ad18837e204470d130546626062d9a156dcbde2340f8c89973e9cfb70",
  "bundles": {
    "val_clean": "595a612f4c32755998fd272047cf55ab5b167f115d4419073508003490e12b27",
    "val_traindist": "25bbcdee52098ee494375c56e9d5aaf233e79000fdc65ca2e12c2003a7ac2c75",
    "val_stress": "d965d4771a62b7062be845b231a1ff57407f1efe3aa83d65dd5df4d7f8c40e4c",
    "test_clean": "c6ee27c74cc0456361ef2fafec2a371dceddb038d15463d6c9c7d366efc74b87",
    "test_traindist": "b3ab00c423b075a070b323f2134715042d93fc92aef0b2e48ec5c5d1feb062b3",
    "test_stress": "0a8180d1e43ac537f544938a09b49683712d23471577988294c92c9cf0a8a5a4"
  }
}
/opt/conda/lib/python3.10/site-packages/torch/nn/modules/conv.py:306: UserWarning: Applied workaround for CuDNN issue, install nvrtc.so (Triggered internally at ../aten/src/ATen/native/cudnn/Conv_v8.cpp:80.)
  return F.conv1d(input, weight, bias, self.stride,
DONE /scratch/spath004/ecg_cpsc_runs/cnn_diagonly_aug_s0/bundles/test_traindist_multireal_v1.npz a1c00cf95595
DONE cnn_diagonly_aug 0
