{'classifier': 'cnn_diagonly_aug', 'tau': 'tau', 'condition': 'clean', 'plain_auroc': 0.9288586086261339, 'delta': -0.0024368925296719413, 'ci95_lo': -0.003713960424485435, 'ci95_hi': -0.0011897911330574285, 'ci975_lo': -0.0038926956534125587, 'ci975_hi': -0.000984653152652597, 'n_keys': 1}
{'classifier': 'cnn_diagonly_aug', 'tau': 'tau', 'condition': 'multireal', 'plain_auroc': 0.9210251867257204, 'delta': -0.026344187033801023, 'ci95_lo': -0.029163091821626318, 'ci95_hi': -0.023454087901123747, 'ci975_lo': -0.029523621624618957, 'ci975_hi': -0.02321521838696599, 'n_keys': 5}
{'classifier': 'cnn_diagonly_aug', 'tau': 'tau', 'condition': 'nstdb_em_ma', 'plain_auroc': 0.9267612799719992, 'delta': -0.006700771863549615, 'ci95_lo': -0.008146788089154202, 'ci95_hi': -0.00504922459228747, 'ci975_lo': -0.008350944524432113, 'ci975_hi': -0.004850196305894777, 'n_keys': 18}
{'classifier': 'cnn_diagonly_aug', 'tau': 'tau', 'condition': 'bw|k=0|s=0.0|bw=1.0', 'plain_auroc': 0.9226226809710937, 'delta': -0.0019505274753570667, 'ci95_lo': -0.0032451588369189063, 'ci95_hi': -0.0007559415959772838, 'ci975_lo': -0.003415269635005275, 'ci975_hi': -0.0005980206987838997, 'n_keys': 5}
{'classifier': 'cnn_diagonly_aug', 'tau': 'tau', 'condition': 'joint|k=2|s=0.25|bw=0.0', 'plain_auroc': 0.9219549836959309, 'delta': -0.423110564712208, 'ci95_lo': -0.4303496488994112, 'ci95_hi': -0.41557588487081626, 'ci975_lo': -0.43135857523974863, 'ci975_hi': -0.4143997579910497, 'n_keys': 5}
{'classifier': 'cnn_diagonly_aug', 'tau': 'tau', 'condition': 'joint|k=4|s=0.25|bw=0.0', 'plain_auroc': 0.9143722318830955, 'delta': -0.415475706213281, 'ci95_lo': -0.42297871870850295, 'ci95_hi': -0.40760319539403683, 'ci975_lo': -0.4237759261327216, 'ci975_hi': -0.4064595672037738, 'n_keys': 5}
{'classifier': 'cnn_diagonly_aug', 'tau': 'tau', 'condition': 'missing|k=8|s=0.0|bw=0.0', 'plain_auroc': 0.8703076221298282, 'delta': -0.005600252385275876, 'ci95_lo': -0.007106759917672665, 'ci95_hi': -0.003910579618918156, 'ci975_lo': -0.0073403979441276, 'ci975_hi': -0.003664400389274449, 'n_keys': 5}
{'classifier': 'cnn_diagonly_aug', 'tau': 'tau', 'condition': 'noise|k=0|s=0.1|bw=0.0', 'plain_auroc': 0.9285860388413293, 'delta': -0.38587689482318693, 'ci95_lo': -0.3953437119970129, 'ci95_hi': -0.3764908149088373, 'ci975_lo': -0.39658554117424777, 'ci975_hi': -0.37550713359677146, 'n_keys': 5}
{'classifier': 'cnn_diagonly_aug', 'tau': 'tau', 'condition': 'noise|k=0|s=0.25|bw=0.0', 'plain_auroc': 0.9269375865574062, 'delta': -0.4278541685882254, 'ci95_lo': -0.43511053470128436, 'ci95_hi': -0.42033780014226607, 'ci975_lo': -0.4362177492272743, 'ci975_hi': -0.41907498544477634, 'n_keys': 5}
{'classifier': 'cnn_diagonly_aug', 'tau': 'tau', 'condition': 'noise|k=0|s=0.5|bw=0.0', 'plain_auroc': 0.9178582795823025, 'delta': -0.41901924475410857, 'ci95_lo': -0.42657184017130856, 'ci95_hi': -0.4115874005192189, 'ci975_lo': -0.4274460732191829, 'ci975_hi': -0.40998594705369273, 'n_keys': 5}
{'classifier': 'cnn_diagonly_aug', 'tau': 't05', 'condition': 'clean', 'plain_auroc': 0.9288586086261339, 'delta': -0.0019156782595072253, 'ci95_lo': -0.003127454456213414, 'ci95_hi': -0.0007790754848194833, 'ci975_lo': -0.0032872392086391537, 'ci975_hi': -0.0006061000201264541, 'n_keys': 1}
{'classifier': 'cnn_diagonly_aug', 'tau': 't05', 'condition': 'multireal', 'plain_auroc': 0.9210251867257204, 'delta': -0.024645075229965164, 'ci95_lo': -0.027293853390637567, 'ci95_hi': -0.02185072287791021, 'ci975_lo': -0.027791760091516324, 'ci975_hi': -0.021570016825254366, 'n_keys': 5}
{'classifier': 'cnn_diagonly_aug', 'tau': 't05', 'condition': 'nstdb_em_ma', 'plain_auroc': 0.9267612799719992, 'delta': -0.005553794580788272, 'ci95_lo': -0.006934627454523346, 'ci95_hi': -0.004068870698537461, 'ci975_lo': -0.007126330931656401, 'ci975_hi': -0.003849759401024734, 'n_keys': 18}
{'classifier': 'cnn_diagonly_aug', 'tau': 't05', 'condition': 'bw|k=0|s=0.0|bw=1.0', 'plain_auroc': 0.9226226809710937, 'delta': -0.0012313924197069484, 'ci95_lo': -0.0023813191331103563, 'ci95_hi': -0.00013621027541529425, 'ci975_lo': -0.0025109300934305803, 'ci975_hi': -3.705886201749926e-05, 'n_keys': 5}
{'classifier': 'cnn_diagonly_aug', 'tau': 't05', 'condition': 'joint|k=2|s=0.25|bw=0.0', 'plain_auroc': 0.9219549836959309, 'delta': -0.42289861532418577, 'ci95_lo': -0.43015530320275364, 'ci95_hi': -0.4152101471881043, 'ci975_lo': -0.431021474747429, 'ci975_hi': -0.4141438577532515, 'n_keys': 5}
{'classifier': 'cnn_diagonly_aug', 'tau': 't05', 'condition': 'joint|k=4|s=0.25|bw=0.0', 'plain_auroc': 0.9143722318830955, 'delta': -0.4152278049966945, 'ci95_lo': -0.4226732538195964, 'ci95_hi': -0.40766166761437744, 'ci975_lo': -0.42350638847230193, 'ci975_hi': -0.4060360822695389, 'n_keys': 5}
{'classifier': 'cnn_diagonly_aug', 'tau': 't05', 'condition': 'missing|k=8|s=0.0|bw=0.0', 'plain_auroc': 0.8703076221298282, 'delta': -0.00436458177161867, 'ci95_lo': -0.005809027403193853, 'ci95_hi': -0.0028401949860304876, 'ci975_lo': -0.006004665268691249, 'ci975_hi': -0.0026395787114991583, 'n_keys': 5}
{'classifier': 'cnn_diagonly_aug', 'tau': 't05', 'condition': 'noise|k=0|s=0.1|bw=0.0', 'plain_auroc': 0.9285860388413293, 'delta': -0.3720269945780701, 'ci95_lo': -0.3822965536803995, 'ci95_hi': -0.3615388800490413, 'ci975_lo': -0.38390004257330895, 'ci975_hi': -0.36046744701939254, 'n_keys': 5}
{'classifier': 'cnn_diagonly_aug', 'tau': 't05', 'condition': 'noise|k=0|s=0.25|bw=0.0', 'plain_auroc': 0.9269375865574062, 'delta': -0.42745251254735245, 'ci95_lo': -0.43462102524414026, 'ci95_hi': -0.41978173422577, 'ci975_lo': -0.4357525056771684, 'ci975_hi': -0.4187265298992004, 'n_keys': 5}
{'classifier': 'cnn_diagonly_aug', 'tau': 't05', 'condition': 'noise|k=0|s=0.5|bw=0.0', 'plain_auroc': 0.9178582795823025, 'delta': -0.4187139381032683, 'ci95_lo': -0.42625402530689105, 'ci95_hi': -0.4111661803207694, 'ci975_lo': -0.42707297877505135, 'ci975_hi': -0.4096462135459532, 'n_keys': 5}
{'classifier': 'resnet_aug', 'tau': 'tau', 'condition': 'clean', 'plain_auroc': 0.9293673831062549, 'delta': -0.00258952823517559, 'ci95_lo': -0.00378263577275154, 'ci95_hi': -0.001330472049292787, 'ci975_lo': -0.00395461951895108, 'ci975_hi': -0.0011567972819919335, 'n_keys': 1}
{'classifier': 'resnet_aug', 'tau': 'tau', 'condition': 'multireal', 'plain_auroc': 0.9220756779928179, 'delta': -0.027399593338536168, 'ci95_lo': -0.03044753192749522, 'ci95_hi': -0.02452782395216496, 'ci975_lo': -0.03058779093284409, 'ci975_hi': -0.024083772884576166, 'n_keys': 5}
{'classifier': 'resnet_aug', 'tau': 'tau', 'condition': 'nstdb_em_ma', 'plain_auroc': 0.9269926506209146, 'delta': -0.006824343987495088, 'ci95_lo': -0.008467163161786367, 'ci95_hi': -0.005065425560295428, 'ci975_lo': -0.008743913876378117, 'ci975_hi': -0.00479176890258108, 'n_keys': 18}
{'classifier': 'resnet_aug', 'tau': 'tau', 'condition': 'bw|k=0|s=0.0|bw=1.0', 'plain_auroc': 0.9178546659462222, 'delta': -0.002073007422885357, 'ci95_lo': -0.003302616657988682, 'ci95_hi': -0.0008758720182283339, 'ci975_lo': -0.003480661429799923, 'ci975_hi': -0.0007292971849164107, 'n_keys': 5}
{'classifier': 'resnet_aug', 'tau': 'tau', 'condition': 'joint|k=2|s=0.25|bw=0.0', 'plain_auroc': 0.9212328554957603, 'delta': -0.4205362362604774, 'ci95_lo': -0.42751801168487225, 'ci95_hi': -0.41319366046733735, 'ci975_lo': -0.4280512891541304, 'ci975_hi': -0.4123928776751861, 'n_keys': 5}
{'classifier': 'resnet_aug', 'tau': 'tau', 'condition': 'joint|k=4|s=0.25|bw=0.0', 'plain_auroc': 0.9137716565150927, 'delta': -0.4131237453117144, 'ci95_lo': -0.4203816523646285, 'ci95_hi': -0.4056223338012012, 'ci975_lo': -0.4213163574504824, 'ci975_hi': -0.40504888697157065, 'n_keys': 5}
{'classifier': 'resnet_aug', 'tau': 'tau', 'condition': 'missing|k=8|s=0.0|bw=0.0', 'plain_auroc': 0.8677533111133408, 'delta': -0.006532017139272516, 'ci95_lo': -0.008160845387545997, 'ci95_hi': -0.004893003783035577, 'ci975_lo': -0.008530023691039546, 'ci975_hi': -0.004704641567802157, 'n_keys': 5}
{'classifier': 'resnet_aug', 'tau': 'tau', 'condition': 'noise|k=0|s=0.1|bw=0.0', 'plain_auroc': 0.9290754534862824, 'delta': -0.37805603950257183, 'ci95_lo': -0.38728103207117, 'ci95_hi': -0.3690785186006816, 'ci975_lo': -0.3887416765484247, 'ci975_hi': -0.36839608702791965, 'n_keys': 5}
{'classifier': 'resnet_aug', 'tau': 'tau', 'condition': 'noise|k=0|s=0.25|bw=0.0', 'plain_auroc': 0.9268454208461957, 'delta': -0.42614534557919986, 'ci95_lo': -0.43331485345663295, 'ci95_hi': -0.4190795634972944, 'ci975_lo': -0.4340298636983756, 'ci975_hi': -0.41801245539296844, 'n_keys': 5}
{'classifier': 'resnet_aug', 'tau': 'tau', 'condition': 'noise|k=0|s=0.5|bw=0.0', 'plain_auroc': 0.9137734393912762, 'delta': -0.41275599275387126, 'ci95_lo': -0.4202551889746209, 'ci95_hi': -0.40522420915111823, 'ci975_lo': -0.42103653593871665, 'ci975_hi': -0.4042595611621907, 'n_keys': 5}
{'classifier': 'resnet_aug', 'tau': 't05', 'condition': 'clean', 'plain_auroc': 0.9293673831062549, 'delta': -0.0020649485260825218, 'ci95_lo': -0.0030757659503992886, 'ci95_hi': -0.0009476342865584778, 'ci975_lo': -0.0032228242775094447, 'ci975_hi': -0.0008098086428760807, 'n_keys': 1}
{'classifier': 'resnet_aug', 'tau': 't05', 'condition': 'multireal', 'plain_auroc': 0.9220756779928179, 'delta': -0.025477151000834794, 'ci95_lo': -0.028279629111932027, 'ci95_hi': -0.02267341626355968, 'ci975_lo': -0.02857950896654619, 'ci975_hi': -0.022379857735631815, 'n_keys': 5}
{'classifier': 'resnet_aug', 'tau': 't05', 'condition': 'nstdb_em_ma', 'plain_auroc': 0.9269926506209146, 'delta': -0.005667177350520245, 'ci95_lo': -0.0071300798789686905, 'ci95_hi': -0.004155429130012825, 'ci975_lo': -0.007435321041532132, 'ci975_hi': -0.00380777260180402, 'n_keys': 18}
{'classifier': 'resnet_aug', 'tau': 't05', 'condition': 'bw|k=0|s=0.0|bw=1.0', 'plain_auroc': 0.9178546659462222, 'delta': -0.0013729508246982823, 'ci95_lo': -0.002504345699882379, 'ci95_hi': -0.00032121561077706913, 'ci975_lo': -0.002640124144090625, 'ci975_hi': -0.00015128703698262148, 'n_keys': 5}
{'classifier': 'resnet_aug', 'tau': 't05', 'condition': 'joint|k=2|s=0.25|bw=0.0', 'plain_auroc': 0.9212328554957603, 'delta': -0.41985475307862224, 'ci95_lo': -0.4267938386792476, 'ci95_hi': -0.41264838679586613, 'ci975_lo': -0.42745391853124415, 'ci975_hi': -0.4117173103418044, 'n_keys': 5}
{'classifier': 'resnet_aug', 'tau': 't05', 'condition': 'joint|k=4|s=0.25|bw=0.0', 'plain_auroc': 0.9137716565150927, 'delta': -0.412678728162361, 'ci95_lo': -0.4197907595147104, 'ci95_hi': -0.4051645826963653, 'ci975_lo': -0.4208718973486031, 'ci975_hi': -0.4045830172400556, 'n_keys': 5}
{'classifier': 'resnet_aug', 'tau': 't05', 'condition': 'missing|k=8|s=0.0|bw=0.0', 'plain_auroc': 0.8677533111133408, 'delta': -0.005326341129603818, 'ci95_lo': -0.006766769167988511, 'ci95_hi': -0.0038104043976782557, 'ci975_lo': -0.007060556652540184, 'ci975_hi': -0.003635834840207972, 'n_keys': 5}
{'classifier': 'resnet_aug', 'tau': 't05', 'condition': 'noise|k=0|s=0.1|bw=0.0', 'plain_auroc': 0.9290754534862824, 'delta': -0.3600563263445827, 'ci95_lo': -0.3705255033072368, 'ci95_hi': -0.34990396802363355, 'ci975_lo': -0.3719317528727075, 'ci975_hi': -0.348375936439765, 'n_keys': 5}
{'classifier': 'resnet_aug', 'tau': 't05', 'condition': 'noise|k=0|s=0.25|bw=0.0', 'plain_auroc': 0.9268454208461957, 'delta': -0.4253412337110641, 'ci95_lo': -0.43243507001191167, 'ci95_hi': -0.4181510205723802, 'ci975_lo': -0.43318293875398173, 'ci975_hi': -0.41732847613041235, 'n_keys': 5}
{'classifier': 'resnet_aug', 'tau': 't05', 'condition': 'noise|k=0|s=0.5|bw=0.0', 'plain_auroc': 0.9137734393912762, 'delta': -0.41232115257011176, 'ci95_lo': -0.4197812476501302, 'ci95_hi': -0.4047754770683541, 'ci975_lo': -0.42054257638892695, 'ci975_hi': -0.40385949453850395, 'n_keys': 5}
{'classifier': 'inception_aug', 'tau': 'tau', 'condition': 'clean', 'plain_auroc': 0.9286240349289372, 'delta': -0.0019295730289892548, 'ci95_lo': -0.0031322770534390225, 'ci95_hi': -0.0006169736561000358, 'ci975_lo': -0.003289781649069641, 'ci975_hi': -0.00039469152213201104, 'n_keys': 1}
{'classifier': 'inception_aug', 'tau': 'tau', 'condition': 'multireal', 'plain_auroc': 0.9208863458795967, 'delta': -0.029302093695187936, 'ci95_lo': -0.03257152759967323, 'ci95_hi': -0.026259206761272483, 'ci975_lo': -0.03294467886835759, 'ci975_hi': -0.025813436924845192, 'n_keys': 5}
{'classifier': 'inception_aug', 'tau': 'tau', 'condition': 'nstdb_em_ma', 'plain_auroc': 0.92645703130817, 'delta': -0.006624459348885096, 'ci95_lo': -0.008122362995421815, 'ci95_hi': -0.0049112816679979885, 'ci975_lo': -0.00832557415537253, 'ci975_hi': -0.004779006168187909, 'n_keys': 18}
{'classifier': 'inception_aug', 'tau': 'tau', 'condition': 'bw|k=0|s=0.0|bw=1.0', 'plain_auroc': 0.9191474230617128, 'delta': -0.0015532341165104193, 'ci95_lo': -0.002760705603694961, 'ci95_hi': -0.00023000770444062208, 'ci975_lo': -0.002914369657970903, 'ci975_hi': -5.951431668120729e-05, 'n_keys': 5}
{'classifier': 'inception_aug', 'tau': 'tau', 'condition': 'joint|k=2|s=0.25|bw=0.0', 'plain_auroc': 0.9201690764545356, 'delta': -0.41913901149773086, 'ci95_lo': -0.425893267798634, 'ci95_hi': -0.41204941142338647, 'ci975_lo': -0.42645154691364395, 'ci975_hi': -0.41092671006269044, 'n_keys': 5}
{'classifier': 'inception_aug', 'tau': 'tau', 'condition': 'joint|k=4|s=0.25|bw=0.0', 'plain_auroc': 0.9135017951319432, 'delta': -0.41254054101049803, 'ci95_lo': -0.4194052358800642, 'ci95_hi': -0.40557560434188905, 'ci975_lo': -0.42040475149794604, 'ci975_hi': -0.4043786336854653, 'n_keys': 5}
{'classifier': 'inception_aug', 'tau': 'tau', 'condition': 'missing|k=8|s=0.0|bw=0.0', 'plain_auroc': 0.8632209789621653, 'delta': -0.00535905929330541, 'ci95_lo': -0.006821723308843759, 'ci95_hi': -0.003860945103868841, 'ci975_lo': -0.0071076927361984335, 'ci975_hi': -0.003691948588969525, 'n_keys': 5}
{'classifier': 'inception_aug', 'tau': 'tau', 'condition': 'noise|k=0|s=0.1|bw=0.0', 'plain_auroc': 0.9284470947089014, 'delta': -0.3587066767786921, 'ci95_lo': -0.36790448069753395, 'ci95_hi': -0.3493166356737549, 'ci975_lo': -0.36932736575068054, 'ci975_hi': -0.3483464050579547, 'n_keys': 5}
{'classifier': 'inception_aug', 'tau': 'tau', 'condition': 'noise|k=0|s=0.25|bw=0.0', 'plain_auroc': 0.9257135962342975, 'delta': -0.42474069623948507, 'ci95_lo': -0.431539351913724, 'ci95_hi': -0.418004964327127, 'ci975_lo': -0.43249170532879055, 'ci975_hi': -0.4165124689699199, 'n_keys': 5}
{'classifier': 'inception_aug', 'tau': 'tau', 'condition': 'noise|k=0|s=0.5|bw=0.0', 'plain_auroc': 0.9129423495648781, 'delta': -0.4110101592073003, 'ci95_lo': -0.4181216610284855, 'ci95_hi': -0.4037169692015073, 'ci975_lo': -0.4189683302002378, 'ci975_hi': -0.4024420405212632, 'n_keys': 5}
{'classifier': 'inception_aug', 'tau': 't05', 'condition': 'clean', 'plain_auroc': 0.9286240349289372, 'delta': -0.0012501197779831719, 'ci95_lo': -0.0023894990955890213, 'ci95_hi': 1.1871785839819336e-05, 'ci975_lo': -0.002512183400997011, 'ci975_hi': 0.00013992200811486222, 'n_keys': 1}
{'classifier': 'inception_aug', 'tau': 't05', 'condition': 'multireal', 'plain_auroc': 0.9208863458795967, 'delta': -0.027393084777989896, 'ci95_lo': -0.030495737380608963, 'ci95_hi': -0.024483094695371164, 'ci975_lo': -0.03090281564414737, 'ci975_hi': -0.024020603998629746, 'n_keys': 5}
{'classifier': 'inception_aug', 'tau': 't05', 'condition': 'nstdb_em_ma', 'plain_auroc': 0.92645703130817, 'delta': -0.005403417868056052, 'ci95_lo': -0.006803586692588364, 'ci95_hi': -0.0038421470229486753, 'ci975_lo': -0.007013104524280383, 'ci975_hi': -0.003626148801030368, 'n_keys': 18}
{'classifier': 'inception_aug', 'tau': 't05', 'condition': 'bw|k=0|s=0.0|bw=1.0', 'plain_auroc': 0.9191474230617128, 'delta': -0.0007160305221365941, 'ci95_lo': -0.0018266124923154664, 'ci95_hi': 0.0005029817593370001, 'ci975_lo': -0.0019199888104999643, 'ci975_hi': 0.0006807141403485964, 'n_keys': 5}
{'classifier': 'inception_aug', 'tau': 't05', 'condition': 'joint|k=2|s=0.25|bw=0.0', 'plain_auroc': 0.9201690764545356, 'delta': -0.4181970485651532, 'ci95_lo': -0.4250261699938326, 'ci95_hi': -0.4111047609699345, 'ci975_lo': -0.42554890272171714, 'ci975_hi': -0.40974107906836715, 'n_keys': 5}
{'classifier': 'inception_aug', 'tau': 't05', 'condition': 'joint|k=4|s=0.25|bw=0.0', 'plain_auroc': 0.9135017951319432, 'delta': -0.41181232690401837, 'ci95_lo': -0.4186289451684205, 'ci95_hi': -0.4049288834389702, 'ci975_lo': -0.4196284819120631, 'ci975_hi': -0.4036445763067278, 'n_keys': 5}
{'classifier': 'inception_aug', 'tau': 't05', 'condition': 'missing|k=8|s=0.0|bw=0.0', 'plain_auroc': 0.8632209789621653, 'delta': -0.004218893504129969, 'ci95_lo': -0.005538200766503056, 'ci95_hi': -0.0028584404177385615, 'ci975_lo': -0.005739925277065392, 'ci975_hi': -0.002667084901472966, 'n_keys': 5}
{'classifier': 'inception_aug', 'tau': 't05', 'condition': 'noise|k=0|s=0.1|bw=0.0', 'plain_auroc': 0.9284470947089014, 'delta': -0.3381219837246352, 'ci95_lo': -0.3485416838245298, 'ci95_hi': -0.32803221904420354, 'ci975_lo': -0.34985514053774774, 'ci975_hi': -0.3262603685921511, 'n_keys': 5}
{'classifier': 'inception_aug', 'tau': 't05', 'condition': 'noise|k=0|s=0.25|bw=0.0', 'plain_auroc': 0.9257135962342975, 'delta': -0.42392752127221184, 'ci95_lo': -0.43070703298580704, 'ci95_hi': -0.4171295044898827, 'ci975_lo': -0.4317055826881193, 'ci975_hi': -0.41599218648119746, 'n_keys': 5}
{'classifier': 'inception_aug', 'tau': 't05', 'condition': 'noise|k=0|s=0.5|bw=0.0', 'plain_auroc': 0.9129423495648781, 'delta': -0.4104429840514275, 'ci95_lo': -0.4176242020195963, 'ci95_hi': -0.4030670783008534, 'ci975_lo': -0.41852130234298124, 'ci975_hi': -0.40174384258151563, 'n_keys': 5}
                   condition  tau  frac_gated  frac_corrupted  precision  recall
0                      clean  tau       0.048           0.000      0.000   0.000
1                      clean  t05       0.040           0.000      0.000   0.000
2                  multireal  tau       0.469           0.530      0.952   0.842
3                  multireal  t05       0.460           0.530      0.959   0.832
4                nstdb_em_ma  tau       0.163           0.278      0.787   0.462
5                nstdb_em_ma  t05       0.148           0.278      0.805   0.428
6        bw|k=0|s=0.0|bw=1.0  tau       0.043           0.000      0.000   0.000
7        bw|k=0|s=0.0|bw=1.0  t05       0.034           0.000      0.000   0.000
8    joint|k=2|s=0.25|bw=0.0  tau       1.000           1.000      1.000   1.000
9    joint|k=2|s=0.25|bw=0.0  t05       1.000           1.000      1.000   1.000
10   joint|k=4|s=0.25|bw=0.0  tau       1.000           1.000      1.000   1.000
11   joint|k=4|s=0.25|bw=0.0  t05       1.000           1.000      1.000   1.000
12  missing|k=8|s=0.0|bw=0.0  tau       0.683           0.667      0.976   1.000
13  missing|k=8|s=0.0|bw=0.0  t05       0.680           0.667      0.980   1.000
14    noise|k=0|s=0.1|bw=0.0  tau       0.967           1.000      1.000   0.967
15    noise|k=0|s=0.1|bw=0.0  t05       0.957           1.000      1.000   0.957
16   noise|k=0|s=0.25|bw=0.0  tau       1.000           1.000      1.000   1.000
17   noise|k=0|s=0.25|bw=0.0  t05       1.000           1.000      1.000   1.000
18    noise|k=0|s=0.5|bw=0.0  tau       1.000           1.000      1.000   1.000
19    noise|k=0|s=0.5|bw=0.0  t05       0.999           1.000      1.000   0.999
