/opt/conda/lib/python3.10/site-packages/torch/nn/modules/transformer.py:282: UserWarning: enable_nested_tensor is True, but self.use_nested_tensor is False because encoder_layer.norm_first was True
  warnings.warn(f"enable_nested_tensor is True, but self.use_nested_tensor is False because {why_not_sparsity_fast_path}")
/opt/conda/lib/python3.10/site-packages/torch/nn/modules/conv.py:306: UserWarning: Applied workaround for CuDNN issue, install nvrtc.so (Triggered internally at ../aten/src/ATen/native/cudnn/Conv_v8.cpp:80.)
  return F.conv1d(input, weight, bias, self.stride,
{'epoch': 0, 'val_auroc': 0.7016069914853246, 'loss': 0.41531652212142944, 'sec': 7.564949989318848}
{'epoch': 1, 'val_auroc': 0.8794087268901508, 'loss': 0.2980554699897766, 'sec': 2.0125739574432373}
{'epoch': 2, 'val_auroc': 0.9205671431949061, 'loss': 0.20810696482658386, 'sec': 1.9310379028320312}
{'epoch': 3, 'val_auroc': 0.9381807146844046, 'loss': 0.18474611639976501, 'sec': 2.000732183456421}
{'epoch': 4, 'val_auroc': 0.949390059410958, 'loss': 0.18473312258720398, 'sec': 2.074000835418701}
{'epoch': 5, 'val_auroc': 0.9565990336636252, 'loss': 0.1413264274597168, 'sec': 1.9556305408477783}
{'epoch': 6, 'val_auroc': 0.9652263045169629, 'loss': 0.12262676656246185, 'sec': 2.0202417373657227}
{'epoch': 7, 'val_auroc': 0.9652490768925285, 'loss': 0.1297185719013214, 'sec': 2.046449899673462}
{'epoch': 8, 'val_auroc': 0.964902101256283, 'loss': 0.136230930685997, 'sec': 2.0022494792938232}
{'epoch': 9, 'val_auroc': 0.9728797918340779, 'loss': 0.10783103108406067, 'sec': 1.9697856903076172}
{'epoch': 10, 'val_auroc': 0.9736147936147093, 'loss': 0.11033377051353455, 'sec': 2.034898042678833}
{'epoch': 11, 'val_auroc': 0.9739202476967275, 'loss': 0.07711343467235565, 'sec': 1.9833290576934814}
{'epoch': 12, 'val_auroc': 0.9755009856986856, 'loss': 0.07271245121955872, 'sec': 2.0047459602355957}
{'epoch': 13, 'val_auroc': 0.9756522146586979, 'loss': 0.07652144134044647, 'sec': 2.00666880607605}
{'epoch': 14, 'val_auroc': 0.9751601954381024, 'loss': 0.07542664557695389, 'sec': 1.9839861392974854}
{'epoch': 15, 'val_auroc': 0.9753417875655355, 'loss': 0.07394847273826599, 'sec': 2.055713415145874}
{'epoch': 16, 'val_auroc': 0.9776217510117413, 'loss': 0.07465767860412598, 'sec': 2.014995813369751}
{'epoch': 17, 'val_auroc': 0.9795338197422149, 'loss': 0.06691575050354004, 'sec': 2.0376811027526855}
{'epoch': 18, 'val_auroc': 0.9805864455824471, 'loss': 0.0526789054274559, 'sec': 2.067298173904419}
{'epoch': 19, 'val_auroc': 0.9806869714505763, 'loss': 0.04769894480705261, 'sec': 1.9800338745117188}
{'epoch': 20, 'val_auroc': 0.9806302605905717, 'loss': 0.05233306810259819, 'sec': 2.0720536708831787}
{'epoch': 21, 'val_auroc': 0.9813853397453877, 'loss': 0.04961259290575981, 'sec': 1.927950143814087}
{'epoch': 22, 'val_auroc': 0.982069514881064, 'loss': 0.03909411281347275, 'sec': 1.9712185859680176}
{'epoch': 23, 'val_auroc': 0.983512027883828, 'loss': 0.04619293659925461, 'sec': 1.9655489921569824}
{'epoch': 24, 'val_auroc': 0.9806164612568532, 'loss': 0.038549087941646576, 'sec': 1.9654865264892578}
{'epoch': 25, 'val_auroc': 0.9820531749873045, 'loss': 0.04515951871871948, 'sec': 1.901536464691162}
{'epoch': 26, 'val_auroc': 0.9833580498679658, 'loss': 0.037254925817251205, 'sec': 2.0021495819091797}
{'epoch': 27, 'val_auroc': 0.9837996671572907, 'loss': 0.03792737424373627, 'sec': 1.9601645469665527}
{'epoch': 28, 'val_auroc': 0.983186558204161, 'loss': 0.04686880111694336, 'sec': 2.071420431137085}
{'epoch': 29, 'val_auroc': 0.9831415539977195, 'loss': 0.03764842450618744, 'sec': 2.0128884315490723}
DONE lpx_nohf_s0 0.9837996671572907
