/opt/conda/lib/python3.10/site-packages/torch/nn/modules/transformer.py:282: UserWarning: enable_nested_tensor is True, but self.use_nested_tensor is False because encoder_layer.norm_first was True
  warnings.warn(f"enable_nested_tensor is True, but self.use_nested_tensor is False because {why_not_sparsity_fast_path}")
/opt/conda/lib/python3.10/site-packages/torch/nn/modules/conv.py:306: UserWarning: Applied workaround for CuDNN issue, install nvrtc.so (Triggered internally at ../aten/src/ATen/native/cudnn/Conv_v8.cpp:80.)
  return F.conv1d(input, weight, bias, self.stride,
{'epoch': 0, 'val_auroc': 0.7037092161155276, 'loss': 0.4124469459056854, 'sec': 7.92248010635376}
{'epoch': 1, 'val_auroc': 0.8020155459726077, 'loss': 0.3667301535606384, 'sec': 1.884206771850586}
{'epoch': 2, 'val_auroc': 0.8996077236299405, 'loss': 0.27994465827941895, 'sec': 1.8129169940948486}
{'epoch': 3, 'val_auroc': 0.9358848901125928, 'loss': 0.2314794957637787, 'sec': 1.8770856857299805}
{'epoch': 4, 'val_auroc': 0.9462640354166116, 'loss': 0.19988155364990234, 'sec': 1.9321565628051758}
{'epoch': 5, 'val_auroc': 0.9513698197807017, 'loss': 0.1584838479757309, 'sec': 1.833324670791626}
{'epoch': 6, 'val_auroc': 0.962274737460147, 'loss': 0.18126797676086426, 'sec': 2.0224289894104004}
{'epoch': 7, 'val_auroc': 0.9716193883372356, 'loss': 0.16560201346874237, 'sec': 1.9559757709503174}
{'epoch': 8, 'val_auroc': 0.9743754172136271, 'loss': 0.14268775284290314, 'sec': 1.9726142883300781}
{'epoch': 9, 'val_auroc': 0.9759223016738832, 'loss': 0.13473907113075256, 'sec': 1.8569810390472412}
{'epoch': 10, 'val_auroc': 0.9749801400020013, 'loss': 0.12461225688457489, 'sec': 1.7410447597503662}
{'epoch': 11, 'val_auroc': 0.9813817026518334, 'loss': 0.13243979215621948, 'sec': 1.8912262916564941}
{'epoch': 12, 'val_auroc': 0.9816037352441145, 'loss': 0.10542798042297363, 'sec': 1.8868076801300049}
{'epoch': 13, 'val_auroc': 0.9819527108957115, 'loss': 0.1255601942539215, 'sec': 1.8767573833465576}
{'epoch': 14, 'val_auroc': 0.9848482543564852, 'loss': 0.08857093751430511, 'sec': 1.9948039054870605}
{'epoch': 15, 'val_auroc': 0.9863189297375765, 'loss': 0.10203858464956284, 'sec': 1.9059202671051025}
{'epoch': 16, 'val_auroc': 0.9867430333789589, 'loss': 0.10067665576934814, 'sec': 1.942272424697876}
{'epoch': 17, 'val_auroc': 0.9880815610275804, 'loss': 0.0881962925195694, 'sec': 2.0063233375549316}
{'epoch': 18, 'val_auroc': 0.984797489488066, 'loss': 0.08142393082380295, 'sec': 1.8466181755065918}
{'epoch': 19, 'val_auroc': 0.9894741740334285, 'loss': 0.07774193584918976, 'sec': 1.9494342803955078}
{'epoch': 20, 'val_auroc': 0.9894198492921251, 'loss': 0.08261050283908844, 'sec': 1.9401462078094482}
{'epoch': 21, 'val_auroc': 0.9895138577357111, 'loss': 0.09949158132076263, 'sec': 1.764394998550415}
{'epoch': 22, 'val_auroc': 0.9896122677574838, 'loss': 0.0941433534026146, 'sec': 1.8954291343688965}
{'epoch': 23, 'val_auroc': 0.9908941231564357, 'loss': 0.07087459415197372, 'sec': 1.9197757244110107}
{'epoch': 24, 'val_auroc': 0.9911803492916386, 'loss': 0.08151587843894958, 'sec': 1.8001747131347656}
{'epoch': 25, 'val_auroc': 0.9916921292816718, 'loss': 0.08669712394475937, 'sec': 1.7671892642974854}
{'epoch': 26, 'val_auroc': 0.9917264538694606, 'loss': 0.08521676063537598, 'sec': 2.0135245323181152}
{'epoch': 27, 'val_auroc': 0.992144109584903, 'loss': 0.06542758643627167, 'sec': 1.986926555633545}
{'epoch': 28, 'val_auroc': 0.9919409806126234, 'loss': 0.074386827647686, 'sec': 1.9197955131530762}
{'epoch': 29, 'val_auroc': 0.9921824573695955, 'loss': 0.06997367739677429, 'sec': 1.9424281120300293}
DONE lpx_noburst_s0 0.9921824573695955
