/opt/conda/lib/python3.10/site-packages/torch/nn/modules/transformer.py:282: UserWarning: enable_nested_tensor is True, but self.use_nested_tensor is False because encoder_layer.norm_first was True
  warnings.warn(f"enable_nested_tensor is True, but self.use_nested_tensor is False because {why_not_sparsity_fast_path}")
/opt/conda/lib/python3.10/site-packages/torch/nn/modules/conv.py:306: UserWarning: Applied workaround for CuDNN issue, install nvrtc.so (Triggered internally at ../aten/src/ATen/native/cudnn/Conv_v8.cpp:80.)
  return F.conv1d(input, weight, bias, self.stride,
{'epoch': 0, 'val_auroc': 0.770075092313836, 'loss': 0.41946572065353394, 'sec': 8.772624731063843}
{'epoch': 1, 'val_auroc': 0.9076734148832, 'loss': 0.2841564416885376, 'sec': 1.9010062217712402}
{'epoch': 2, 'val_auroc': 0.9380816868972724, 'loss': 0.22236353158950806, 'sec': 1.9389071464538574}
{'epoch': 3, 'val_auroc': 0.9543553484881575, 'loss': 0.17685048282146454, 'sec': 1.9549124240875244}
{'epoch': 4, 'val_auroc': 0.960982526769356, 'loss': 0.17054712772369385, 'sec': 1.9505748748779297}
{'epoch': 5, 'val_auroc': 0.9621179717781, 'loss': 0.14901259541511536, 'sec': 1.8979413509368896}
{'epoch': 6, 'val_auroc': 0.9718690041528195, 'loss': 0.12468790262937546, 'sec': 1.9206957817077637}
{'epoch': 7, 'val_auroc': 0.973628353564351, 'loss': 0.1269499659538269, 'sec': 1.7898600101470947}
{'epoch': 8, 'val_auroc': 0.977444460075624, 'loss': 0.12026777118444443, 'sec': 1.9309957027435303}
{'epoch': 9, 'val_auroc': 0.9790983337740832, 'loss': 0.09362964332103729, 'sec': 1.941237211227417}
{'epoch': 10, 'val_auroc': 0.9795925460617049, 'loss': 0.0972970724105835, 'sec': 1.9908103942871094}
{'epoch': 11, 'val_auroc': 0.9830399779284792, 'loss': 0.098619744181633, 'sec': 1.8412258625030518}
{'epoch': 12, 'val_auroc': 0.9846125073732226, 'loss': 0.096616730093956, 'sec': 1.8939666748046875}
{'epoch': 13, 'val_auroc': 0.9857498288442461, 'loss': 0.07770732045173645, 'sec': 1.9669747352600098}
{'epoch': 14, 'val_auroc': 0.988211322641349, 'loss': 0.08605422079563141, 'sec': 1.9569084644317627}
{'epoch': 15, 'val_auroc': 0.9893443815313918, 'loss': 0.07551259547472, 'sec': 2.033836841583252}
{'epoch': 16, 'val_auroc': 0.9877766783785198, 'loss': 0.07445600628852844, 'sec': 1.9916253089904785}
{'epoch': 17, 'val_auroc': 0.9902817709658713, 'loss': 0.08260971307754517, 'sec': 1.9596583843231201}
{'epoch': 18, 'val_auroc': 0.9906104916357428, 'loss': 0.06734223663806915, 'sec': 1.9325273036956787}
{'epoch': 19, 'val_auroc': 0.9920024405438294, 'loss': 0.061540596187114716, 'sec': 1.9167156219482422}
{'epoch': 20, 'val_auroc': 0.9923812310960904, 'loss': 0.06490998715162277, 'sec': 1.9766299724578857}
{'epoch': 21, 'val_auroc': 0.9925667305894225, 'loss': 0.06853784620761871, 'sec': 2.0146069526672363}
{'epoch': 22, 'val_auroc': 0.991721890127867, 'loss': 0.06481532752513885, 'sec': 1.9795160293579102}
{'epoch': 23, 'val_auroc': 0.9932276931917146, 'loss': 0.05858363211154938, 'sec': 1.8674006462097168}
{'epoch': 24, 'val_auroc': 0.9937415890281042, 'loss': 0.06121750921010971, 'sec': 1.8838348388671875}
{'epoch': 25, 'val_auroc': 0.9936969168705434, 'loss': 0.05458826944231987, 'sec': 1.8736131191253662}
{'epoch': 26, 'val_auroc': 0.9936047926113039, 'loss': 0.03838609904050827, 'sec': 2.0506107807159424}
{'epoch': 27, 'val_auroc': 0.9940809738724944, 'loss': 0.045384153723716736, 'sec': 1.8641762733459473}
{'epoch': 28, 'val_auroc': 0.9941663490451811, 'loss': 0.040743619203567505, 'sec': 1.8631911277770996}
{'epoch': 29, 'val_auroc': 0.994422420508772, 'loss': 0.04362569376826286, 'sec': 1.843069314956665}
DONE lpx_s2 0.994422420508772
